main.cpp:76:6:void HAL_TIM_PeriodElapsedCallback(TIM_HandleTypeDef*)	16	static
main.cpp:95:5:int main()	8	static
main.cpp:146:6:void SystemClock_Config()	96	static
main.cpp:194:13:void MX_ADC1_Init()	48	static
main.cpp:257:13:void MX_SPI1_Init()	8	static
main.cpp:297:13:void MX_TIM1_Init()	40	static
main.cpp:344:13:void MX_USART1_UART_Init()	8	static
main.cpp:379:13:void MX_USART2_UART_Init()	8	static
main.cpp:414:13:void MX_GPIO_Init()	40	static
main.cpp:453:6:void Error_Handler()	4	static,ignoring_inline_asm
