02:43:04 **** Incremental Build of configuration Debug for project NUCLEO-F303K8 ****
make -j4 all 
arm-none-eabi-g++ "../Core/Src/mpu6500.cpp" -mcpu=cortex-m4 -std=gnu++14 -g3 -DDEBUG -DUSE_HAL_DRIVER -DSTM32F303x8 -c -I../Core/Inc -I../Drivers/STM32F3xx_HAL_Driver/Inc -I../Drivers/STM32F3xx_HAL_Driver/Inc/Legacy -I../Drivers/CMSIS/Device/ST/STM32F3xx/Include -I../Drivers/CMSIS/Include -O0 -ffunction-sections -fdata-sections -fno-exceptions -fno-rtti -fno-use-cxa-atexit -Wall -fstack-usage -MMD -MP -MF"Core/Src/mpu6500.d" -MT"Core/Src/mpu6500.o" --specs=nano.specs -mfpu=fpv4-sp-d16 -mfloat-abi=hard -mthumb -o "Core/Src/mpu6500.o"
../Core/Src/mpu6500.cpp: In member function 'void MPU6500::MPU6500_Init()':
../Core/Src/mpu6500.cpp:53:40: warning: cast to pointer from integer of different size [-Wint-to-pointer-cast]
   53 |  HAL_UART_Transmit(&huart2, (uint8_t*) who_am_i, sizeof(who_am_i), 3000);
      |                                        ^~~~~~~~
arm-none-eabi-g++ -o "NUCLEO-F303K8.elf" @"objects.list"   -mcpu=cortex-m4 -T"C:\Users\reiji\Documents\Research\Flywheel_Inverted_Pendulum_Prototype\NUCLEO-F303K8\STM32F303K8TX_FLASH.ld" --specs=nosys.specs -Wl,-Map="NUCLEO-F303K8.map" -Wl,--gc-sections -static --specs=nano.specs -mfpu=fpv4-sp-d16 -mfloat-abi=hard -mthumb -u _printf_float -Wl,--start-group -lc -lm -lstdc++ -lsupc++ -Wl,--end-group
Finished building target: NUCLEO-F303K8.elf
 
arm-none-eabi-objdump -h -S  NUCLEO-F303K8.elf  > "NUCLEO-F303K8.list"
arm-none-eabi-objcopy  -O binary  NUCLEO-F303K8.elf  "NUCLEO-F303K8.bin"
arm-none-eabi-size   NUCLEO-F303K8.elf 
   text	   data	    bss	    dec	    hex	filename
  37928	    488	   2180	  40596	   9e94	NUCLEO-F303K8.elf
Finished building: default.size.stdout
 
Finished building: NUCLEO-F303K8.bin
 
Finished building: NUCLEO-F303K8.list
 
02:43:15 **** Incremental Build of configuration Debug for project NUCLEO-F303K8 ****
make -j4 all 
arm-none-eabi-size   NUCLEO-F303K8.elf 
   text	   data	    bss	    dec	    hex	filename
  37928	    488	   2180	  40596	   9e94	NUCLEO-F303K8.elf
Finished building: default.size.stdout
 
