arm-none-eabi-g++ -o "NUCLEO-F303K8.elf" @"objects.list"   -mcpu=cortex-m4 -T"C:\Users\reiji\Documents\Research\Flywheel_Inverted_Pendulum_Prototype\NUCLEO-F303K8\STM32F303K8TX_FLASH.ld" --specs=nosys.specs -Wl,-Map="NUCLEO-F303K8.map" -Wl,--gc-sections -static --specs=nano.specs -mfpu=fpv4-sp-d16 -mfloat-abi=hard -mthumb -u _printf_float -Wl,--start-group -lc -lm -lstdc++ -lsupc++ -Wl,--end-group
Finished building target: NUCLEO-F303K8.elf
 
arm-none-eabi-objdump -h -S  NUCLEO-F303K8.elf  > "NUCLEO-F303K8.list"
arm-none-eabi-objcopy  -O binary  NUCLEO-F303K8.elf  "NUCLEO-F303K8.bin"
arm-none-eabi-size   NUCLEO-F303K8.elf 
   text	   data	    bss	    dec	    hex	filename
  33688	    488	   2100	  36276	   8db4	NUCLEO-F303K8.elf
Finished building: default.size.stdout
 
Finished building: NUCLEO-F303K8.bin
 
Finished building: NUCLEO-F303K8.list
 

03:04:39 Build Finished. 0 errors, 0 warnings. (took 2s.347ms)

03:04:39 **** Incremental Build of configuration Debug for project NUCLEO-F303K8 ****
make -j4 all 
arm-none-eabi-size   NUCLEO-F303K8.elf 
   text	   data	    bss	    dec	    hex	filename
  33688	    488	   2100	  36276	   8db4	NUCLEO-F303K8.elf
Finished building: default.size.stdout
 
03:04:42 **** Incremental Build of configuration Debug for project NUCLEO-F303K8 ****
make -j4 all 
arm-none-eabi-size   NUCLEO-F303K8.elf 
   text	   data	    bss	    dec	    hex	filename
  33688	    488	   2100	  36276	   8db4	NUCLEO-F303K8.elf
Finished building: default.size.stdout
 
